// Jest Snapshot v1, https://goo.gl/fbAQLP

exports[`App should take a snapshot 1`] = `
<DocumentFragment>
  <div
    class="container"
  >
    <div
      class="nav"
    >
      <a
        aria-current="page"
        class="nav--link active"
        href="/"
      >
        Events list
      </a>
      <a
        class="nav--link"
        href="/form"
      >
        Add new event
      </a>
    </div>
    <ul
      class="list"
    >
      <h1>
        Events List
      </h1>
    </ul>
  </div>
</DocumentFragment>
`;
